
> nx run ngx-chat-e2e-new:e2e --grep dual-connect

[1m[33mWarning: Running a server with --disable-host-check is a security risk. See https://medium.com/webpack/webpack-dev-server-middleware-security-issues-1489d950874a for more information.[39m[22m
Browserslist: caniuse-lite is outdated. Please run:
  npx update-browserslist-db@latest
  Why you should do it regularly: https://github.com/browserslist/update-db#readme
- Generating browser application bundles (phase: setup)...
[32m✔[39m Browser application bundle generation complete.
[37m[0m[0m[39m
[37m[0m[1mInitial chunk files[22m  [2m | [22m[1mNames[22m        [2m | [22m [1mRaw size[22m[0m[39m
[37m[0m[32mvendor.js[39m[37m            [2m | [22m[2mvendor[22m       [2m | [22m  [36m3.22 MB[39m[37m[2m | [22m[0m[39m
[37m[0m[32mmain.js[39m[37m              [2m | [22m[2mmain[22m         [2m | [22m[36m970.46 kB[39m[37m[2m | [22m[0m[39m
[37m[0m[32mpolyfills.js[39m[37m         [2m | [22m[2mpolyfills[22m    [2m | [22m[36m343.91 kB[39m[37m[2m | [22m[0m[39m
[37m[0m[32mstyles.css, styles.js[39m[37m[2m | [22m[2mstyles[22m       [2m | [22m[36m230.69 kB[39m[37m[2m | [22m[0m[39m
[37m[0m[32mruntime.js[39m[37m           [2m | [22m[2mruntime[22m      [2m | [22m  [36m6.51 kB[39m[37m[2m | [22m[0m[39m
[37m[0m[0m[39m
[37m[0m[1m [22m                    [2m | [22m[1mInitial total[22m[2m | [22m  [1m4.73 MB[22m[0m[39m
[37m[0m[0m[39m
[37m[0mBuild at: [1m[37m2025-12-23T12:47:32.436Z[39m[37m[22m - Hash: [1m[37m4c3bdef4be36e744[39m[37m[22m - Time: [1m[37m2541[39m[37m[22mms[0m[39m
[37m[39m
[37m** Angular Live Development Server is listening on 0.0.0.0:4201, open your browser on http://localhost:4201/ **[39m
[37m[39m
[37m[39m
[37m[92m✔[39m[37m Compiled successfully.[39m
[1m[33m[39m[22m
[1m[33m[0m[33mWarning: [39m[33m[0m/Users/oliverschiessl/WebstormProjects/ngx-chat-new/ngx-chat/apps/demo-new/src/app/nx-welcome.ts is part of the TypeScript compilation but it's unused.[39m[22m
[1m[33mAdd only entry points to the 'files' or 'include' properties in your tsconfig.[39m[22m
[1m[33m[39m[22m
[1m[33m[0m[33mWarning: [39m[33m[0m/Users/oliverschiessl/WebstormProjects/ngx-chat-new/ngx-chat/apps/demo-new/src/environments/environment.interface.ts is part of the TypeScript compilation but it's unused.[39m[22m
[1m[33mAdd only entry points to the 'files' or 'include' properties in your tsconfig.[39m[22m
[1m[33m[39m[22m
[1m[33m[0m[33mWarning: [39m[33m[0m/Users/oliverschiessl/WebstormProjects/ngx-chat-new/ngx-chat/apps/demo-new/src/environments/environment.prod.ts is part of the TypeScript compilation but it's unused.[39m[22m
[1m[33mAdd only entry points to the 'files' or 'include' properties in your tsconfig.[39m[22m
[1m[33m[39m[22m
[1m[33m[0m[33mWarning: [39m[33m[0m/Users/oliverschiessl/WebstormProjects/ngx-chat-new/ngx-chat/apps/demo-new/src/environments/environment.ts is part of the TypeScript compilation but it's unused.[39m[22m
[1m[33mAdd only entry points to the 'files' or 'include' properties in your tsconfig.[39m[22m
[1m[33m[39m[22m
[1m[33m[39m[22m
[32m✔[39m Browser application bundle generation complete.
[37m[0m[0m[39m
[37m[0m[1mInitial chunk files[22m[2m | [22m[1mNames[22m  [2m | [22m[1mRaw size[22m[0m[39m
[37m[0m[32mruntime.js[39m[37m         [2m | [22m[2mruntime[22m[2m | [22m [36m6.51 kB[39m[37m[2m | [22m[0m[39m
[37m[0m[0m[39m
[37m[0m4 unchanged chunks[0m[39m
[37m[0m[0m[39m
[37m[0mBuild at: [1m[37m2025-12-23T12:47:32.855Z[39m[37m[22m - Hash: [1m[37md1d36ea83a7d953f[39m[37m[22m - Time: [1m[37m349[39m[37m[22mms[0m[39m
[37m[39m
[37m[92m✔[39m[37m Compiled successfully.[39m
DEBUG: test object: [36m<ref *1>[39m [Function (anonymous)] {
  expect: [Function: oe] {
    extend: [36m[Function (anonymous)][39m,
    addEqualityTesters: [36m[Function (anonymous)][39m,
    anything: [36m[Function: tE][39m,
    any: [36m[Function: eE][39m,
    not: {
      arrayContaining: [36m[Function: nE][39m,
      closeTo: [36m[Function: fE][39m,
      objectContaining: [36m[Function: iE][39m,
      stringContaining: [36m[Function: oE][39m,
      stringMatching: [36m[Function: cE][39m,
      toBeAttached: [36m[Function: value][39m,
      toBeChecked: [36m[Function: value][39m,
      toBeDisabled: [36m[Function: value][39m,
      toBeEditable: [36m[Function: value][39m,
      toBeEmpty: [36m[Function: value][39m,
      toBeEnabled: [36m[Function: value][39m,
      toBeFocused: [36m[Function: value][39m,
      toBeHidden: [36m[Function: value][39m,
      toBeInViewport: [36m[Function: value][39m,
      toBeOK: [36m[Function: value][39m,
      toBeVisible: [36m[Function: value][39m,
      toContainText: [36m[Function: value][39m,
      toHaveAttribute: [36m[Function: value][39m,
      toHaveClass: [36m[Function: value][39m,
      toHaveCount: [36m[Function: value][39m,
      toHaveCSS: [36m[Function: value][39m,
      toHaveId: [36m[Function: value][39m,
      toHaveJSProperty: [36m[Function: value][39m,
      toHaveText: [36m[Function: value][39m,
      toHaveTitle: [36m[Function: value][39m,
      toHaveURL: [36m[Function: value][39m,
      toHaveValue: [36m[Function: value][39m,
      toHaveValues: [36m[Function: value][39m,
      toHaveScreenshot: [36m[Function: value][39m,
      toPass: [36m[Function: value][39m,
      toMatchSnapshot: [36m[Function: value][39m
    },
    arrayContaining: [36m[Function: rE][39m,
    closeTo: [36m[Function: lE][39m,
    objectContaining: [36m[Function: sE][39m,
    stringContaining: [36m[Function: uE][39m,
    stringMatching: [36m[Function: aE][39m,
    assertions: [36m[Function: oh][39m,
    hasAssertions: [36m[Function: ah][39m,
    getState: [36m[Function: Hy][39m,
    setState: [36m[Function: Uy][39m,
    extractExpectedAssertionsErrors: [36m[Function: hE][39m,
    toBeAttached: [36m[Function: value][39m,
    toBeChecked: [36m[Function: value][39m,
    toBeDisabled: [36m[Function: value][39m,
    toBeEditable: [36m[Function: value][39m,
    toBeEmpty: [36m[Function: value][39m,
    toBeEnabled: [36m[Function: value][39m,
    toBeFocused: [36m[Function: value][39m,
    toBeHidden: [36m[Function: value][39m,
    toBeInViewport: [36m[Function: value][39m,
    toBeOK: [36m[Function: value][39m,
    toBeVisible: [36m[Function: value][39m,
    toContainText: [36m[Function: value][39m,
    toHaveAttribute: [36m[Function: value][39m,
    toHaveClass: [36m[Function: value][39m,
    toHaveCount: [36m[Function: value][39m,
    toHaveCSS: [36m[Function: value][39m,
    toHaveId: [36m[Function: value][39m,
    toHaveJSProperty: [36m[Function: value][39m,
    toHaveText: [36m[Function: value][39m,
    toHaveTitle: [36m[Function: value][39m,
    toHaveURL: [36m[Function: value][39m,
    toHaveValue: [36m[Function: value][39m,
    toHaveValues: [36m[Function: value][39m,
    toHaveScreenshot: [36m[Function: value][39m,
    toPass: [36m[Function: value][39m,
    toMatchSnapshot: [36m[Function: value][39m
  },
  only: [36m[Function (anonymous)][39m,
  describe: [Function (anonymous)] {
    only: [36m[Function (anonymous)][39m,
    configure: [36m[Function (anonymous)][39m,
    fixme: [36m[Function (anonymous)][39m,
    parallel: [Function (anonymous)] { only: [36m[Function (anonymous)][39m },
    serial: [Function (anonymous)] { only: [36m[Function (anonymous)][39m },
    skip: [36m[Function (anonymous)][39m
  },
  beforeEach: [36m[Function (anonymous)][39m,
  afterEach: [36m[Function (anonymous)][39m,
  beforeAll: [36m[Function (anonymous)][39m,
  afterAll: [36m[Function (anonymous)][39m,
  skip: [36m[Function (anonymous)][39m,
  fixme: [36m[Function (anonymous)][39m,
  fail: [36m[Function (anonymous)][39m,
  slow: [36m[Function (anonymous)][39m,
  setTimeout: [36m[Function (anonymous)][39m,
  step: [36m[Function: bound _step] AsyncFunction[39m,
  use: [36m[Function (anonymous)][39m,
  extend: [36m[Function (anonymous)][39m,
  info: [36m[Function (anonymous)][39m,
  [[32mSymbol(testType)[39m]: TestTypeImpl { fixtures: [ [36m[Object][39m ], test: [36m[Circular *1][39m }
}
[2mRunning [22m1[2m test using [22m1[2m worker[22m
[1A[2K[1/1] [chromium] › dual-connect.spec.ts:10:5 › should facilitate chat between two users via dual.html with extended message flow
[1A[2K[2m[chromium] › dual-connect.spec.ts:10:5 › should facilitate chat between two users via dual.html with extended message flow[22m
BROWSER: [webpack-dev-server] Server started: Hot Module Replacement disabled, Live Reloading enabled, Progress disabled, Overlay enabled.
[1A[2KBROWSER: [webpack-dev-server] Server started: Hot Module Replacement disabled, Live Reloading enabled, Progress disabled, Overlay enabled.
[1A[2KBROWSER: DEBUG: App component initialized, exposed as window.app App
[1A[2KBROWSER: Angular is running in development mode.
[1A[2KBROWSER: DEBUG: App component initialized, exposed as window.app App
[1A[2KBROWSER: Angular is running in development mode.
[1A[2KBROWSER: DEBUG: App login called with: snowwhite
[1A[2KBROWSER: DEBUG: App login called with: sleepy
[1A[2KBROWSER: DEBUG: handleSingleMessage XML <message xmlns="jabber:client" xml:lang="en" to="sleepy@local-jabber.entenhausen.pazz.de" from="snowwhite@local-jabber.entenhausen.pazz.de/1116570012205988670232930" type="chat"><archived xmlns="urn:xmpp:mam:tmp" by="sleepy@local-jabber.entenhausen.pazz.de" id="1766448181697707"></archived><stanza-id xmlns="urn:xmpp:sid:0" by="sleepy@local-jabber.entenhausen.pazz.de" id="1766448181697707"></stanza-id><body>SnowWhite Message 1 1766492267056</body></message>
[1A[2KBROWSER: DEBUG: handleSingleMessage EXTRACTED {id: 1766448181697707, origin: undefined}
[1A[2KBROWSER: DEBUG: handleSingleMessage XML <message xmlns="jabber:client" xml:lang="en" to="sleepy@local-jabber.entenhausen.pazz.de" from="snowwhite@local-jabber.entenhausen.pazz.de/1116570012205988670232930" type="chat"><archived xmlns="urn:xmpp:mam:tmp" by="sleepy@local-jabber.entenhausen.pazz.de" id="1766448181704577"></archived><stanza-id xmlns="urn:xmpp:sid:0" by="sleepy@local-jabber.entenhausen.pazz.de" id="1766448181704577"></stanza-id><body>SnowWhite Message 2 1766492267056</body></message>
[1A[2KBROWSER: DEBUG: handleSingleMessage EXTRACTED {id: 1766448181704577, origin: undefined}
[1A[2KBROWSER: DEBUG: handleSingleMessage XML <message xmlns="jabber:client" xml:lang="en" to="sleepy@local-jabber.entenhausen.pazz.de" from="snowwhite@local-jabber.entenhausen.pazz.de/1308773378038616409033058" type="chat"><archived xmlns="urn:xmpp:mam:tmp" by="sleepy@local-jabber.entenhausen.pazz.de" id="1766448249220749"></archived><stanza-id xmlns="urn:xmpp:sid:0" by="sleepy@local-jabber.entenhausen.pazz.de" id="1766448249220749"></stanza-id><body>SnowWhite Message 1 1766492333950</body></message>
[1A[2KBROWSER: DEBUG: handleSingleMessage EXTRACTED {id: 1766448249220749, origin: undefined}
[1A[2KBROWSER: DEBUG: handleSingleMessage XML <message xmlns="jabber:client" xml:lang="en" to="sleepy@local-jabber.entenhausen.pazz.de" from="snowwhite@local-jabber.entenhausen.pazz.de/1308773378038616409033058" type="chat"><archived xmlns="urn:xmpp:mam:tmp" by="sleepy@local-jabber.entenhausen.pazz.de" id="1766448249233948"></archived><stanza-id xmlns="urn:xmpp:sid:0" by="sleepy@local-jabber.entenhausen.pazz.de" id="1766448249233948"></stanza-id><body>SnowWhite Message 2 1766492333950</body></message>
[1A[2KBROWSER: DEBUG: handleSingleMessage EXTRACTED {id: 1766448249233948, origin: undefined}
[1A[2KBROWSER: DEBUG: handleSingleMessage XML <message xmlns="jabber:client" xml:lang="en" to="sleepy@local-jabber.entenhausen.pazz.de" from="snowwhite@local-jabber.entenhausen.pazz.de/347374540024518340533250" type="chat"><archived xmlns="urn:xmpp:mam:tmp" by="sleepy@local-jabber.entenhausen.pazz.de" id="1766448344629001"></archived><stanza-id xmlns="urn:xmpp:sid:0" by="sleepy@local-jabber.entenhausen.pazz.de" id="1766448344629001"></stanza-id><body>SnowWhite Message 1 1766492428433</body></message>
[1A[2KBROWSER: DEBUG: handleSingleMessage EXTRACTED {id: 1766448344629001, origin: undefined}
[1A[2KBROWSER: DEBUG: handleSingleMessage XML <message xmlns="jabber:client" xml:lang="en" to="sleepy@local-jabber.entenhausen.pazz.de" from="snowwhite@local-jabber.entenhausen.pazz.de/347374540024518340533250" type="chat"><archived xmlns="urn:xmpp:mam:tmp" by="sleepy@local-jabber.entenhausen.pazz.de" id="1766448344638268"></archived><stanza-id xmlns="urn:xmpp:sid:0" by="sleepy@local-jabber.entenhausen.pazz.de" id="1766448344638268"></stanza-id><body>SnowWhite Message 2 1766492428433</body></message>
[1A[2KBROWSER: DEBUG: handleSingleMessage EXTRACTED {id: 1766448344638268, origin: undefined}
[1A[2KBROWSER: DEBUG: handleSingleMessage XML <message xmlns="jabber:client" xml:lang="en" to="sleepy@local-jabber.entenhausen.pazz.de" from="snowwhite@local-jabber.entenhausen.pazz.de/175737189881570590403299" type="chat"><archived xmlns="urn:xmpp:mam:tmp" by="sleepy@local-jabber.entenhausen.pazz.de" id="1766449730931001"></archived><stanza-id xmlns="urn:xmpp:sid:0" by="sleepy@local-jabber.entenhausen.pazz.de" id="1766449730931001"></stanza-id><body>SnowWhite Message 1 1766493801279</body></message>
[1A[2KBROWSER: DEBUG: handleSingleMessage EXTRACTED {id: 1766449730931001, origin: undefined}
[1A[2KBROWSER: DEBUG: handleSingleMessage XML <message xmlns="jabber:client" xml:lang="en" to="sleepy@local-jabber.entenhausen.pazz.de" from="snowwhite@local-jabber.entenhausen.pazz.de/175737189881570590403299" type="chat"><archived xmlns="urn:xmpp:mam:tmp" by="sleepy@local-jabber.entenhausen.pazz.de" id="1766449730945284"></archived><stanza-id xmlns="urn:xmpp:sid:0" by="sleepy@local-jabber.entenhausen.pazz.de" id="1766449730945284"></stanza-id><body>SnowWhite Message 2 1766493801279</body></message>
[1A[2KBROWSER: DEBUG: handleSingleMessage EXTRACTED {id: 1766449730945284, origin: undefined}
[1A[2KBROWSER: DEBUG: handleSingleMessage XML <message xmlns="jabber:client" xml:lang="en" to="sleepy@local-jabber.entenhausen.pazz.de" from="snowwhite@local-jabber.entenhausen.pazz.de/173385078949445854553395" type="chat"><archived xmlns="urn:xmpp:mam:tmp" by="sleepy@local-jabber.entenhausen.pazz.de" id="1766449811235436"></archived><stanza-id xmlns="urn:xmpp:sid:0" by="sleepy@local-jabber.entenhausen.pazz.de" id="1766449811235436"></stanza-id><body>SnowWhite Message 1 1766493880809</body></message>
[1A[2KBROWSER: DEBUG: handleSingleMessage EXTRACTED {id: 1766449811235436, origin: undefined}
[1A[2KBROWSER: DEBUG: handleSingleMessage XML <message xmlns="jabber:client" xml:lang="en" to="sleepy@local-jabber.entenhausen.pazz.de" from="snowwhite@local-jabber.entenhausen.pazz.de/173385078949445854553395" type="chat"><archived xmlns="urn:xmpp:mam:tmp" by="sleepy@local-jabber.entenhausen.pazz.de" id="1766449811252612"></archived><stanza-id xmlns="urn:xmpp:sid:0" by="sleepy@local-jabber.entenhausen.pazz.de" id="1766449811252612"></stanza-id><body>SnowWhite Message 2 1766493880809</body></message>
[1A[2KBROWSER: DEBUG: handleSingleMessage EXTRACTED {id: 1766449811252612, origin: undefined}
[1A[2KBROWSER: DEBUG: handleSingleMessage XML <message xmlns="jabber:client" xml:lang="en" to="sleepy@local-jabber.entenhausen.pazz.de" from="snowwhite@local-jabber.entenhausen.pazz.de/44266467027779803863459" type="chat"><archived xmlns="urn:xmpp:mam:tmp" by="sleepy@local-jabber.entenhausen.pazz.de" id="1766449865132771"></archived><stanza-id xmlns="urn:xmpp:sid:0" by="sleepy@local-jabber.entenhausen.pazz.de" id="1766449865132771"></stanza-id><body>SnowWhite Message 1 1766493934177</body></message>
[1A[2KBROWSER: DEBUG: handleSingleMessage EXTRACTED {id: 1766449865132771, origin: undefined}
[1A[2KBROWSER: DEBUG: handleSingleMessage XML <message xmlns="jabber:client" xml:lang="en" to="sleepy@local-jabber.entenhausen.pazz.de" from="snowwhite@local-jabber.entenhausen.pazz.de/44266467027779803863459" type="chat"><archived xmlns="urn:xmpp:mam:tmp" by="sleepy@local-jabber.entenhausen.pazz.de" id="1766449865149318"></archived><stanza-id xmlns="urn:xmpp:sid:0" by="sleepy@local-jabber.entenhausen.pazz.de" id="1766449865149318"></stanza-id><body>SnowWhite Message 2 1766493934177</body></message>
[1A[2KBROWSER: DEBUG: handleSingleMessage EXTRACTED {id: 1766449865149318, origin: undefined}
[1A[2KBROWSER: DEBUG: handleSingleMessage XML <message xmlns="jabber:client" xml:lang="en" to="sleepy@local-jabber.entenhausen.pazz.de" from="snowwhite@local-jabber.entenhausen.pazz.de/1634015432647721594435138" type="chat" id="b19e9d1d-92f5-43a5-8070-7665636df0a3:msg-sleepy@local-jabber.entenhausen.pazz.de-"><archived xmlns="urn:xmpp:mam:tmp" by="sleepy@local-jabber.entenhausen.pazz.de" id="1766449933056355"></archived><stanza-id xmlns="urn:xmpp:sid:0" by="sleepy@local-jabber.entenhausen.pazz.de" id="1766449933056355"></stanza-id><origin-id xmlns="urn:xmpp:sid:0" id="b19e9d1d-92f5-43a5-8070-7665636df0a3:msg-sleepy@local-jabber.entenhausen.pazz.de-"></origin-id><body>SnowWhite Message 1 1766494001453</body></message>
[1A[2KBROWSER: DEBUG: handleSingleMessage EXTRACTED {id: b19e9d1d-92f5-43a5-8070-7665636df0a3:msg-sleepy@local-jabber.entenhausen.pazz.de-, origin: b19e9d1d-92f5-43a5-8070-7665636df0a3:msg-sleepy@local-jabber.entenhausen.pazz.de-}
[1A[2KBROWSER: DEBUG: handleSingleMessage XML <message xmlns="jabber:client" xml:lang="en" to="sleepy@local-jabber.entenhausen.pazz.de" from="snowwhite@local-jabber.entenhausen.pazz.de/1634015432647721594435138" type="chat" id="a379e063-45bf-4d68-a988-fcfef6eb548f:msg-sleepy@local-jabber.entenhausen.pazz.de-"><archived xmlns="urn:xmpp:mam:tmp" by="sleepy@local-jabber.entenhausen.pazz.de" id="1766449933071325"></archived><stanza-id xmlns="urn:xmpp:sid:0" by="sleepy@local-jabber.entenhausen.pazz.de" id="1766449933071325"></stanza-id><origin-id xmlns="urn:xmpp:sid:0" id="a379e063-45bf-4d68-a988-fcfef6eb548f:msg-sleepy@local-jabber.entenhausen.pazz.de-"></origin-id><body>SnowWhite Message 2 1766494001453</body></message>
[1A[2KBROWSER: DEBUG: handleSingleMessage EXTRACTED {id: a379e063-45bf-4d68-a988-fcfef6eb548f:msg-sleepy@local-jabber.entenhausen.pazz.de-, origin: a379e063-45bf-4d68-a988-fcfef6eb548f:msg-sleepy@local-jabber.entenhausen.pazz.de-}
[1A[2KBROWSER: DEBUG: handleSingleMessage XML <message xmlns="jabber:client" xml:lang="en" to="sleepy@local-jabber.entenhausen.pazz.de" from="snowwhite@local-jabber.entenhausen.pazz.de/1116570012205988670232930" type="chat"><archived xmlns="urn:xmpp:mam:tmp" by="snowwhite@local-jabber.entenhausen.pazz.de" id="1766448181695683"></archived><stanza-id xmlns="urn:xmpp:sid:0" by="snowwhite@local-jabber.entenhausen.pazz.de" id="1766448181695683"></stanza-id><body>SnowWhite Message 1 1766492267056</body></message>
[1A[2KBROWSER: DEBUG: handleSingleMessage EXTRACTED {id: 1766448181695683, origin: undefined}
[1A[2KBROWSER: DEBUG: handleSingleMessage XML <message xmlns="jabber:client" xml:lang="en" to="sleepy@local-jabber.entenhausen.pazz.de" from="snowwhite@local-jabber.entenhausen.pazz.de/1116570012205988670232930" type="chat"><archived xmlns="urn:xmpp:mam:tmp" by="snowwhite@local-jabber.entenhausen.pazz.de" id="1766448181702543"></archived><stanza-id xmlns="urn:xmpp:sid:0" by="snowwhite@local-jabber.entenhausen.pazz.de" id="1766448181702543"></stanza-id><body>SnowWhite Message 2 1766492267056</body></message>
[1A[2KBROWSER: DEBUG: handleSingleMessage EXTRACTED {id: 1766448181702543, origin: undefined}
[1A[2KBROWSER: DEBUG: handleSingleMessage XML <message xmlns="jabber:client" xml:lang="en" to="sleepy@local-jabber.entenhausen.pazz.de" from="snowwhite@local-jabber.entenhausen.pazz.de/1308773378038616409033058" type="chat"><archived xmlns="urn:xmpp:mam:tmp" by="snowwhite@local-jabber.entenhausen.pazz.de" id="1766448249218083"></archived><stanza-id xmlns="urn:xmpp:sid:0" by="snowwhite@local-jabber.entenhausen.pazz.de" id="1766448249218083"></stanza-id><body>SnowWhite Message 1 1766492333950</body></message>
[1A[2KBROWSER: DEBUG: handleSingleMessage EXTRACTED {id: 1766448249218083, origin: undefined}
[1A[2KBROWSER: DEBUG: handleSingleMessage XML <message xmlns="jabber:client" xml:lang="en" to="sleepy@local-jabber.entenhausen.pazz.de" from="snowwhite@local-jabber.entenhausen.pazz.de/1308773378038616409033058" type="chat"><archived xmlns="urn:xmpp:mam:tmp" by="snowwhite@local-jabber.entenhausen.pazz.de" id="1766448249232858"></archived><stanza-id xmlns="urn:xmpp:sid:0" by="snowwhite@local-jabber.entenhausen.pazz.de" id="1766448249232858"></stanza-id><body>SnowWhite Message 2 1766492333950</body></message>
[1A[2KBROWSER: DEBUG: handleSingleMessage EXTRACTED {id: 1766448249232858, origin: undefined}
[1A[2KBROWSER: DEBUG: handleSingleMessage XML <message xmlns="jabber:client" xml:lang="en" to="sleepy@local-jabber.entenhausen.pazz.de" from="snowwhite@local-jabber.entenhausen.pazz.de/347374540024518340533250" type="chat"><archived xmlns="urn:xmpp:mam:tmp" by="snowwhite@local-jabber.entenhausen.pazz.de" id="1766448344625641"></archived><stanza-id xmlns="urn:xmpp:sid:0" by="snowwhite@local-jabber.entenhausen.pazz.de" id="1766448344625641"></stanza-id><body>SnowWhite Message 1 1766492428433</body></message>
[1A[2KBROWSER: DEBUG: handleSingleMessage EXTRACTED {id: 1766448344625641, origin: undefined}
[1A[2KBROWSER: DEBUG: handleSingleMessage XML <message xmlns="jabber:client" xml:lang="en" to="sleepy@local-jabber.entenhausen.pazz.de" from="snowwhite@local-jabber.entenhausen.pazz.de/347374540024518340533250" type="chat"><archived xmlns="urn:xmpp:mam:tmp" by="snowwhite@local-jabber.entenhausen.pazz.de" id="1766448344636923"></archived><stanza-id xmlns="urn:xmpp:sid:0" by="snowwhite@local-jabber.entenhausen.pazz.de" id="1766448344636923"></stanza-id><body>SnowWhite Message 2 1766492428433</body></message>
[1A[2KBROWSER: DEBUG: handleSingleMessage EXTRACTED {id: 1766448344636923, origin: undefined}
[1A[2KBROWSER: DEBUG: handleSingleMessage XML <message xmlns="jabber:client" xml:lang="en" to="sleepy@local-jabber.entenhausen.pazz.de" from="snowwhite@local-jabber.entenhausen.pazz.de/175737189881570590403299" type="chat"><archived xmlns="urn:xmpp:mam:tmp" by="snowwhite@local-jabber.entenhausen.pazz.de" id="1766449730927791"></archived><stanza-id xmlns="urn:xmpp:sid:0" by="snowwhite@local-jabber.entenhausen.pazz.de" id="1766449730927791"></stanza-id><body>SnowWhite Message 1 1766493801279</body></message>
[1A[2KBROWSER: DEBUG: handleSingleMessage EXTRACTED {id: 1766449730927791, origin: undefined}
[1A[2KBROWSER: DEBUG: handleSingleMessage XML <message xmlns="jabber:client" xml:lang="en" to="sleepy@local-jabber.entenhausen.pazz.de" from="snowwhite@local-jabber.entenhausen.pazz.de/175737189881570590403299" type="chat"><archived xmlns="urn:xmpp:mam:tmp" by="snowwhite@local-jabber.entenhausen.pazz.de" id="1766449730943455"></archived><stanza-id xmlns="urn:xmpp:sid:0" by="snowwhite@local-jabber.entenhausen.pazz.de" id="1766449730943455"></stanza-id><body>SnowWhite Message 2 1766493801279</body></message>
[1A[2KBROWSER: DEBUG: handleSingleMessage EXTRACTED {id: 1766449730943455, origin: undefined}
[1A[2KBROWSER: DEBUG: handleSingleMessage XML <message xmlns="jabber:client" xml:lang="en" to="sleepy@local-jabber.entenhausen.pazz.de" from="snowwhite@local-jabber.entenhausen.pazz.de/173385078949445854553395" type="chat"><archived xmlns="urn:xmpp:mam:tmp" by="snowwhite@local-jabber.entenhausen.pazz.de" id="1766449811232141"></archived><stanza-id xmlns="urn:xmpp:sid:0" by="snowwhite@local-jabber.entenhausen.pazz.de" id="1766449811232141"></stanza-id><body>SnowWhite Message 1 1766493880809</body></message>
[1A[2KBROWSER: DEBUG: handleSingleMessage EXTRACTED {id: 1766449811232141, origin: undefined}
[1A[2KBROWSER: DEBUG: handleSingleMessage XML <message xmlns="jabber:client" xml:lang="en" to="sleepy@local-jabber.entenhausen.pazz.de" from="snowwhite@local-jabber.entenhausen.pazz.de/173385078949445854553395" type="chat"><archived xmlns="urn:xmpp:mam:tmp" by="snowwhite@local-jabber.entenhausen.pazz.de" id="1766449811250719"></archived><stanza-id xmlns="urn:xmpp:sid:0" by="snowwhite@local-jabber.entenhausen.pazz.de" id="1766449811250719"></stanza-id><body>SnowWhite Message 2 1766493880809</body></message>
[1A[2KBROWSER: DEBUG: handleSingleMessage EXTRACTED {id: 1766449811250719, origin: undefined}
[1A[2KBROWSER: DEBUG: handleSingleMessage XML <message xmlns="jabber:client" xml:lang="en" to="sleepy@local-jabber.entenhausen.pazz.de" from="snowwhite@local-jabber.entenhausen.pazz.de/44266467027779803863459" type="chat"><archived xmlns="urn:xmpp:mam:tmp" by="snowwhite@local-jabber.entenhausen.pazz.de" id="1766449865126709"></archived><stanza-id xmlns="urn:xmpp:sid:0" by="snowwhite@local-jabber.entenhausen.pazz.de" id="1766449865126709"></stanza-id><body>SnowWhite Message 1 1766493934177</body></message>
[1A[2KBROWSER: DEBUG: handleSingleMessage EXTRACTED {id: 1766449865126709, origin: undefined}
[1A[2KBROWSER: DEBUG: handleSingleMessage XML <message xmlns="jabber:client" xml:lang="en" to="sleepy@local-jabber.entenhausen.pazz.de" from="snowwhite@local-jabber.entenhausen.pazz.de/44266467027779803863459" type="chat"><archived xmlns="urn:xmpp:mam:tmp" by="snowwhite@local-jabber.entenhausen.pazz.de" id="1766449865148086"></archived><stanza-id xmlns="urn:xmpp:sid:0" by="snowwhite@local-jabber.entenhausen.pazz.de" id="1766449865148086"></stanza-id><body>SnowWhite Message 2 1766493934177</body></message>
[1A[2KBROWSER: DEBUG: handleSingleMessage EXTRACTED {id: 1766449865148086, origin: undefined}
[1A[2KBROWSER: DEBUG: handleSingleMessage XML <message xmlns="jabber:client" xml:lang="en" to="sleepy@local-jabber.entenhausen.pazz.de" from="snowwhite@local-jabber.entenhausen.pazz.de/1634015432647721594435138" type="chat" id="b19e9d1d-92f5-43a5-8070-7665636df0a3:msg-sleepy@local-jabber.entenhausen.pazz.de-"><archived xmlns="urn:xmpp:mam:tmp" by="snowwhite@local-jabber.entenhausen.pazz.de" id="1766449933053158"></archived><stanza-id xmlns="urn:xmpp:sid:0" by="snowwhite@local-jabber.entenhausen.pazz.de" id="1766449933053158"></stanza-id><origin-id xmlns="urn:xmpp:sid:0" id="b19e9d1d-92f5-43a5-8070-7665636df0a3:msg-sleepy@local-jabber.entenhausen.pazz.de-"></origin-id><body>SnowWhite Message 1 1766494001453</body></message>
[1A[2KBROWSER: DEBUG: handleSingleMessage EXTRACTED {id: b19e9d1d-92f5-43a5-8070-7665636df0a3:msg-sleepy@local-jabber.entenhausen.pazz.de-, origin: b19e9d1d-92f5-43a5-8070-7665636df0a3:msg-sleepy@local-jabber.entenhausen.pazz.de-}
[1A[2KBROWSER: DEBUG: handleSingleMessage XML <message xmlns="jabber:client" xml:lang="en" to="sleepy@local-jabber.entenhausen.pazz.de" from="snowwhite@local-jabber.entenhausen.pazz.de/1634015432647721594435138" type="chat" id="a379e063-45bf-4d68-a988-fcfef6eb548f:msg-sleepy@local-jabber.entenhausen.pazz.de-"><archived xmlns="urn:xmpp:mam:tmp" by="snowwhite@local-jabber.entenhausen.pazz.de" id="1766449933069958"></archived><stanza-id xmlns="urn:xmpp:sid:0" by="snowwhite@local-jabber.entenhausen.pazz.de" id="1766449933069958"></stanza-id><origin-id xmlns="urn:xmpp:sid:0" id="a379e063-45bf-4d68-a988-fcfef6eb548f:msg-sleepy@local-jabber.entenhausen.pazz.de-"></origin-id><body>SnowWhite Message 2 1766494001453</body></message>
[1A[2KBROWSER: DEBUG: handleSingleMessage EXTRACTED {id: a379e063-45bf-4d68-a988-fcfef6eb548f:msg-sleepy@local-jabber.entenhausen.pazz.de-, origin: a379e063-45bf-4d68-a988-fcfef6eb548f:msg-sleepy@local-jabber.entenhausen.pazz.de-}
[1A[2KBROWSER: DEBUG: handleSingleMessage XML <message xmlns="jabber:client" xml:lang="en" to="sleepy@local-jabber.entenhausen.pazz.de" from="snowwhite@local-jabber.entenhausen.pazz.de/1116570012205988670232930" type="chat"><archived xmlns="urn:xmpp:mam:tmp" by="snowwhite@local-jabber.entenhausen.pazz.de" id="1766448181695683"></archived><stanza-id xmlns="urn:xmpp:sid:0" by="snowwhite@local-jabber.entenhausen.pazz.de" id="1766448181695683"></stanza-id><body>SnowWhite Message 1 1766492267056</body></message>
[1A[2KBROWSER: DEBUG: handleSingleMessage EXTRACTED {id: 1766448181695683, origin: undefined}
[1A[2KBROWSER: DEBUG: handleSingleMessage XML <message xmlns="jabber:client" xml:lang="en" to="sleepy@local-jabber.entenhausen.pazz.de" from="snowwhite@local-jabber.entenhausen.pazz.de/1116570012205988670232930" type="chat"><archived xmlns="urn:xmpp:mam:tmp" by="snowwhite@local-jabber.entenhausen.pazz.de" id="1766448181702543"></archived><stanza-id xmlns="urn:xmpp:sid:0" by="snowwhite@local-jabber.entenhausen.pazz.de" id="1766448181702543"></stanza-id><body>SnowWhite Message 2 1766492267056</body></message>
[1A[2KBROWSER: DEBUG: handleSingleMessage EXTRACTED {id: 1766448181702543, origin: undefined}
[1A[2KBROWSER: DEBUG: handleSingleMessage XML <message xmlns="jabber:client" xml:lang="en" to="sleepy@local-jabber.entenhausen.pazz.de" from="snowwhite@local-jabber.entenhausen.pazz.de/1308773378038616409033058" type="chat"><archived xmlns="urn:xmpp:mam:tmp" by="snowwhite@local-jabber.entenhausen.pazz.de" id="1766448249218083"></archived><stanza-id xmlns="urn:xmpp:sid:0" by="snowwhite@local-jabber.entenhausen.pazz.de" id="1766448249218083"></stanza-id><body>SnowWhite Message 1 1766492333950</body></message>
[1A[2KBROWSER: DEBUG: handleSingleMessage EXTRACTED {id: 1766448249218083, origin: undefined}
[1A[2KBROWSER: DEBUG: handleSingleMessage XML <message xmlns="jabber:client" xml:lang="en" to="sleepy@local-jabber.entenhausen.pazz.de" from="snowwhite@local-jabber.entenhausen.pazz.de/1308773378038616409033058" type="chat"><archived xmlns="urn:xmpp:mam:tmp" by="snowwhite@local-jabber.entenhausen.pazz.de" id="1766448249232858"></archived><stanza-id xmlns="urn:xmpp:sid:0" by="snowwhite@local-jabber.entenhausen.pazz.de" id="1766448249232858"></stanza-id><body>SnowWhite Message 2 1766492333950</body></message>
[1A[2KBROWSER: DEBUG: handleSingleMessage EXTRACTED {id: 1766448249232858, origin: undefined}
[1A[2KBROWSER: DEBUG: handleSingleMessage XML <message xmlns="jabber:client" xml:lang="en" to="sleepy@local-jabber.entenhausen.pazz.de" from="snowwhite@local-jabber.entenhausen.pazz.de/347374540024518340533250" type="chat"><archived xmlns="urn:xmpp:mam:tmp" by="snowwhite@local-jabber.entenhausen.pazz.de" id="1766448344625641"></archived><stanza-id xmlns="urn:xmpp:sid:0" by="snowwhite@local-jabber.entenhausen.pazz.de" id="1766448344625641"></stanza-id><body>SnowWhite Message 1 1766492428433</body></message>
[1A[2KBROWSER: DEBUG: handleSingleMessage EXTRACTED {id: 1766448344625641, origin: undefined}
[1A[2KBROWSER: DEBUG: handleSingleMessage XML <message xmlns="jabber:client" xml:lang="en" to="sleepy@local-jabber.entenhausen.pazz.de" from="snowwhite@local-jabber.entenhausen.pazz.de/347374540024518340533250" type="chat"><archived xmlns="urn:xmpp:mam:tmp" by="snowwhite@local-jabber.entenhausen.pazz.de" id="1766448344636923"></archived><stanza-id xmlns="urn:xmpp:sid:0" by="snowwhite@local-jabber.entenhausen.pazz.de" id="1766448344636923"></stanza-id><body>SnowWhite Message 2 1766492428433</body></message>
[1A[2KBROWSER: DEBUG: handleSingleMessage EXTRACTED {id: 1766448344636923, origin: undefined}
[1A[2KBROWSER: DEBUG: handleSingleMessage XML <message xmlns="jabber:client" xml:lang="en" to="sleepy@local-jabber.entenhausen.pazz.de" from="snowwhite@local-jabber.entenhausen.pazz.de/175737189881570590403299" type="chat"><archived xmlns="urn:xmpp:mam:tmp" by="snowwhite@local-jabber.entenhausen.pazz.de" id="1766449730927791"></archived><stanza-id xmlns="urn:xmpp:sid:0" by="snowwhite@local-jabber.entenhausen.pazz.de" id="1766449730927791"></stanza-id><body>SnowWhite Message 1 1766493801279</body></message>
[1A[2KBROWSER: DEBUG: handleSingleMessage EXTRACTED {id: 1766449730927791, origin: undefined}
[1A[2KBROWSER: DEBUG: handleSingleMessage XML <message xmlns="jabber:client" xml:lang="en" to="sleepy@local-jabber.entenhausen.pazz.de" from="snowwhite@local-jabber.entenhausen.pazz.de/175737189881570590403299" type="chat"><archived xmlns="urn:xmpp:mam:tmp" by="snowwhite@local-jabber.entenhausen.pazz.de" id="1766449730943455"></archived><stanza-id xmlns="urn:xmpp:sid:0" by="snowwhite@local-jabber.entenhausen.pazz.de" id="1766449730943455"></stanza-id><body>SnowWhite Message 2 1766493801279</body></message>
[1A[2KBROWSER: DEBUG: handleSingleMessage EXTRACTED {id: 1766449730943455, origin: undefined}
[1A[2KBROWSER: DEBUG: handleSingleMessage XML <message xmlns="jabber:client" xml:lang="en" to="sleepy@local-jabber.entenhausen.pazz.de" from="snowwhite@local-jabber.entenhausen.pazz.de/173385078949445854553395" type="chat"><archived xmlns="urn:xmpp:mam:tmp" by="snowwhite@local-jabber.entenhausen.pazz.de" id="1766449811232141"></archived><stanza-id xmlns="urn:xmpp:sid:0" by="snowwhite@local-jabber.entenhausen.pazz.de" id="1766449811232141"></stanza-id><body>SnowWhite Message 1 1766493880809</body></message>
[1A[2KBROWSER: DEBUG: handleSingleMessage EXTRACTED {id: 1766449811232141, origin: undefined}
[1A[2KBROWSER: DEBUG: handleSingleMessage XML <message xmlns="jabber:client" xml:lang="en" to="sleepy@local-jabber.entenhausen.pazz.de" from="snowwhite@local-jabber.entenhausen.pazz.de/173385078949445854553395" type="chat"><archived xmlns="urn:xmpp:mam:tmp" by="snowwhite@local-jabber.entenhausen.pazz.de" id="1766449811250719"></archived><stanza-id xmlns="urn:xmpp:sid:0" by="snowwhite@local-jabber.entenhausen.pazz.de" id="1766449811250719"></stanza-id><body>SnowWhite Message 2 1766493880809</body></message>
[1A[2KBROWSER: DEBUG: handleSingleMessage EXTRACTED {id: 1766449811250719, origin: undefined}
[1A[2KBROWSER: DEBUG: handleSingleMessage XML <message xmlns="jabber:client" xml:lang="en" to="sleepy@local-jabber.entenhausen.pazz.de" from="snowwhite@local-jabber.entenhausen.pazz.de/44266467027779803863459" type="chat"><archived xmlns="urn:xmpp:mam:tmp" by="snowwhite@local-jabber.entenhausen.pazz.de" id="1766449865126709"></archived><stanza-id xmlns="urn:xmpp:sid:0" by="snowwhite@local-jabber.entenhausen.pazz.de" id="1766449865126709"></stanza-id><body>SnowWhite Message 1 1766493934177</body></message>
[1A[2KBROWSER: DEBUG: handleSingleMessage EXTRACTED {id: 1766449865126709, origin: undefined}
[1A[2KBROWSER: DEBUG: handleSingleMessage XML <message xmlns="jabber:client" xml:lang="en" to="sleepy@local-jabber.entenhausen.pazz.de" from="snowwhite@local-jabber.entenhausen.pazz.de/44266467027779803863459" type="chat"><archived xmlns="urn:xmpp:mam:tmp" by="snowwhite@local-jabber.entenhausen.pazz.de" id="1766449865148086"></archived><stanza-id xmlns="urn:xmpp:sid:0" by="snowwhite@local-jabber.entenhausen.pazz.de" id="1766449865148086"></stanza-id><body>SnowWhite Message 2 1766493934177</body></message>
[1A[2KBROWSER: DEBUG: handleSingleMessage EXTRACTED {id: 1766449865148086, origin: undefined}
[1A[2KBROWSER: DEBUG: handleSingleMessage XML <message xmlns="jabber:client" xml:lang="en" to="sleepy@local-jabber.entenhausen.pazz.de" from="snowwhite@local-jabber.entenhausen.pazz.de/1634015432647721594435138" type="chat" id="b19e9d1d-92f5-43a5-8070-7665636df0a3:msg-sleepy@local-jabber.entenhausen.pazz.de-"><archived xmlns="urn:xmpp:mam:tmp" by="snowwhite@local-jabber.entenhausen.pazz.de" id="1766449933053158"></archived><stanza-id xmlns="urn:xmpp:sid:0" by="snowwhite@local-jabber.entenhausen.pazz.de" id="1766449933053158"></stanza-id><origin-id xmlns="urn:xmpp:sid:0" id="b19e9d1d-92f5-43a5-8070-7665636df0a3:msg-sleepy@local-jabber.entenhausen.pazz.de-"></origin-id><body>SnowWhite Message 1 1766494001453</body></message>
[1A[2KBROWSER: DEBUG: handleSingleMessage EXTRACTED {id: b19e9d1d-92f5-43a5-8070-7665636df0a3:msg-sleepy@local-jabber.entenhausen.pazz.de-, origin: b19e9d1d-92f5-43a5-8070-7665636df0a3:msg-sleepy@local-jabber.entenhausen.pazz.de-}
[1A[2KBROWSER: DEBUG: handleSingleMessage XML <message xmlns="jabber:client" xml:lang="en" to="sleepy@local-jabber.entenhausen.pazz.de" from="snowwhite@local-jabber.entenhausen.pazz.de/1634015432647721594435138" type="chat" id="a379e063-45bf-4d68-a988-fcfef6eb548f:msg-sleepy@local-jabber.entenhausen.pazz.de-"><archived xmlns="urn:xmpp:mam:tmp" by="snowwhite@local-jabber.entenhausen.pazz.de" id="1766449933069958"></archived><stanza-id xmlns="urn:xmpp:sid:0" by="snowwhite@local-jabber.entenhausen.pazz.de" id="1766449933069958"></stanza-id><origin-id xmlns="urn:xmpp:sid:0" id="a379e063-45bf-4d68-a988-fcfef6eb548f:msg-sleepy@local-jabber.entenhausen.pazz.de-"></origin-id><body>SnowWhite Message 2 1766494001453</body></message>
[1A[2KBROWSER: DEBUG: handleSingleMessage EXTRACTED {id: a379e063-45bf-4d68-a988-fcfef6eb548f:msg-sleepy@local-jabber.entenhausen.pazz.de-, origin: a379e063-45bf-4d68-a988-fcfef6eb548f:msg-sleepy@local-jabber.entenhausen.pazz.de-}
[1A[2KBROWSER: DEBUG: handleSingleMessage XML <message xmlns="jabber:client" xml:lang="en" to="sleepy@local-jabber.entenhausen.pazz.de" from="snowwhite@local-jabber.entenhausen.pazz.de/1116570012205988670232930" type="chat"><archived xmlns="urn:xmpp:mam:tmp" by="snowwhite@local-jabber.entenhausen.pazz.de" id="1766448181695683"></archived><stanza-id xmlns="urn:xmpp:sid:0" by="snowwhite@local-jabber.entenhausen.pazz.de" id="1766448181695683"></stanza-id><body>SnowWhite Message 1 1766492267056</body></message>
[1A[2KBROWSER: DEBUG: handleSingleMessage EXTRACTED {id: 1766448181695683, origin: undefined}
[1A[2KBROWSER: DEBUG: handleSingleMessage XML <message xmlns="jabber:client" xml:lang="en" to="sleepy@local-jabber.entenhausen.pazz.de" from="snowwhite@local-jabber.entenhausen.pazz.de/1116570012205988670232930" type="chat"><archived xmlns="urn:xmpp:mam:tmp" by="snowwhite@local-jabber.entenhausen.pazz.de" id="1766448181702543"></archived><stanza-id xmlns="urn:xmpp:sid:0" by="snowwhite@local-jabber.entenhausen.pazz.de" id="1766448181702543"></stanza-id><body>SnowWhite Message 2 1766492267056</body></message>
[1A[2KBROWSER: DEBUG: handleSingleMessage EXTRACTED {id: 1766448181702543, origin: undefined}
[1A[2KBROWSER: DEBUG: handleSingleMessage XML <message xmlns="jabber:client" xml:lang="en" to="sleepy@local-jabber.entenhausen.pazz.de" from="snowwhite@local-jabber.entenhausen.pazz.de/1308773378038616409033058" type="chat"><archived xmlns="urn:xmpp:mam:tmp" by="snowwhite@local-jabber.entenhausen.pazz.de" id="1766448249218083"></archived><stanza-id xmlns="urn:xmpp:sid:0" by="snowwhite@local-jabber.entenhausen.pazz.de" id="1766448249218083"></stanza-id><body>SnowWhite Message 1 1766492333950</body></message>
[1A[2KBROWSER: DEBUG: handleSingleMessage EXTRACTED {id: 1766448249218083, origin: undefined}
[1A[2KBROWSER: DEBUG: handleSingleMessage XML <message xmlns="jabber:client" xml:lang="en" to="sleepy@local-jabber.entenhausen.pazz.de" from="snowwhite@local-jabber.entenhausen.pazz.de/1308773378038616409033058" type="chat"><archived xmlns="urn:xmpp:mam:tmp" by="snowwhite@local-jabber.entenhausen.pazz.de" id="1766448249232858"></archived><stanza-id xmlns="urn:xmpp:sid:0" by="snowwhite@local-jabber.entenhausen.pazz.de" id="1766448249232858"></stanza-id><body>SnowWhite Message 2 1766492333950</body></message>
[1A[2KBROWSER: DEBUG: handleSingleMessage EXTRACTED {id: 1766448249232858, origin: undefined}
[1A[2KBROWSER: DEBUG: handleSingleMessage XML <message xmlns="jabber:client" xml:lang="en" to="sleepy@local-jabber.entenhausen.pazz.de" from="snowwhite@local-jabber.entenhausen.pazz.de/347374540024518340533250" type="chat"><archived xmlns="urn:xmpp:mam:tmp" by="snowwhite@local-jabber.entenhausen.pazz.de" id="1766448344625641"></archived><stanza-id xmlns="urn:xmpp:sid:0" by="snowwhite@local-jabber.entenhausen.pazz.de" id="1766448344625641"></stanza-id><body>SnowWhite Message 1 1766492428433</body></message>
[1A[2KBROWSER: DEBUG: handleSingleMessage EXTRACTED {id: 1766448344625641, origin: undefined}
[1A[2KBROWSER: DEBUG: handleSingleMessage XML <message xmlns="jabber:client" xml:lang="en" to="sleepy@local-jabber.entenhausen.pazz.de" from="snowwhite@local-jabber.entenhausen.pazz.de/347374540024518340533250" type="chat"><archived xmlns="urn:xmpp:mam:tmp" by="snowwhite@local-jabber.entenhausen.pazz.de" id="1766448344636923"></archived><stanza-id xmlns="urn:xmpp:sid:0" by="snowwhite@local-jabber.entenhausen.pazz.de" id="1766448344636923"></stanza-id><body>SnowWhite Message 2 1766492428433</body></message>
[1A[2KBROWSER: DEBUG: handleSingleMessage EXTRACTED {id: 1766448344636923, origin: undefined}
[1A[2KBROWSER: DEBUG: handleSingleMessage XML <message xmlns="jabber:client" xml:lang="en" to="sleepy@local-jabber.entenhausen.pazz.de" from="snowwhite@local-jabber.entenhausen.pazz.de/175737189881570590403299" type="chat"><archived xmlns="urn:xmpp:mam:tmp" by="snowwhite@local-jabber.entenhausen.pazz.de" id="1766449730927791"></archived><stanza-id xmlns="urn:xmpp:sid:0" by="snowwhite@local-jabber.entenhausen.pazz.de" id="1766449730927791"></stanza-id><body>SnowWhite Message 1 1766493801279</body></message>
[1A[2KBROWSER: DEBUG: handleSingleMessage EXTRACTED {id: 1766449730927791, origin: undefined}
[1A[2KBROWSER: DEBUG: handleSingleMessage XML <message xmlns="jabber:client" xml:lang="en" to="sleepy@local-jabber.entenhausen.pazz.de" from="snowwhite@local-jabber.entenhausen.pazz.de/175737189881570590403299" type="chat"><archived xmlns="urn:xmpp:mam:tmp" by="snowwhite@local-jabber.entenhausen.pazz.de" id="1766449730943455"></archived><stanza-id xmlns="urn:xmpp:sid:0" by="snowwhite@local-jabber.entenhausen.pazz.de" id="1766449730943455"></stanza-id><body>SnowWhite Message 2 1766493801279</body></message>
[1A[2KBROWSER: DEBUG: handleSingleMessage EXTRACTED {id: 1766449730943455, origin: undefined}
[1A[2KBROWSER: DEBUG: handleSingleMessage XML <message xmlns="jabber:client" xml:lang="en" to="sleepy@local-jabber.entenhausen.pazz.de" from="snowwhite@local-jabber.entenhausen.pazz.de/173385078949445854553395" type="chat"><archived xmlns="urn:xmpp:mam:tmp" by="snowwhite@local-jabber.entenhausen.pazz.de" id="1766449811232141"></archived><stanza-id xmlns="urn:xmpp:sid:0" by="snowwhite@local-jabber.entenhausen.pazz.de" id="1766449811232141"></stanza-id><body>SnowWhite Message 1 1766493880809</body></message>
[1A[2KBROWSER: DEBUG: handleSingleMessage EXTRACTED {id: 1766449811232141, origin: undefined}
[1A[2KBROWSER: DEBUG: handleSingleMessage XML <message xmlns="jabber:client" xml:lang="en" to="sleepy@local-jabber.entenhausen.pazz.de" from="snowwhite@local-jabber.entenhausen.pazz.de/173385078949445854553395" type="chat"><archived xmlns="urn:xmpp:mam:tmp" by="snowwhite@local-jabber.entenhausen.pazz.de" id="1766449811250719"></archived><stanza-id xmlns="urn:xmpp:sid:0" by="snowwhite@local-jabber.entenhausen.pazz.de" id="1766449811250719"></stanza-id><body>SnowWhite Message 2 1766493880809</body></message>
[1A[2KBROWSER: DEBUG: handleSingleMessage EXTRACTED {id: 1766449811250719, origin: undefined}
[1A[2KBROWSER: DEBUG: handleSingleMessage XML <message xmlns="jabber:client" xml:lang="en" to="sleepy@local-jabber.entenhausen.pazz.de" from="snowwhite@local-jabber.entenhausen.pazz.de/44266467027779803863459" type="chat"><archived xmlns="urn:xmpp:mam:tmp" by="snowwhite@local-jabber.entenhausen.pazz.de" id="1766449865126709"></archived><stanza-id xmlns="urn:xmpp:sid:0" by="snowwhite@local-jabber.entenhausen.pazz.de" id="1766449865126709"></stanza-id><body>SnowWhite Message 1 1766493934177</body></message>
[1A[2KBROWSER: DEBUG: handleSingleMessage EXTRACTED {id: 1766449865126709, origin: undefined}
[1A[2KBROWSER: DEBUG: handleSingleMessage XML <message xmlns="jabber:client" xml:lang="en" to="sleepy@local-jabber.entenhausen.pazz.de" from="snowwhite@local-jabber.entenhausen.pazz.de/44266467027779803863459" type="chat"><archived xmlns="urn:xmpp:mam:tmp" by="snowwhite@local-jabber.entenhausen.pazz.de" id="1766449865148086"></archived><stanza-id xmlns="urn:xmpp:sid:0" by="snowwhite@local-jabber.entenhausen.pazz.de" id="1766449865148086"></stanza-id><body>SnowWhite Message 2 1766493934177</body></message>
[1A[2KBROWSER: DEBUG: handleSingleMessage EXTRACTED {id: 1766449865148086, origin: undefined}
[1A[2KBROWSER: DEBUG: handleSingleMessage XML <message xmlns="jabber:client" xml:lang="en" to="sleepy@local-jabber.entenhausen.pazz.de" from="snowwhite@local-jabber.entenhausen.pazz.de/1634015432647721594435138" type="chat" id="b19e9d1d-92f5-43a5-8070-7665636df0a3:msg-sleepy@local-jabber.entenhausen.pazz.de-"><archived xmlns="urn:xmpp:mam:tmp" by="snowwhite@local-jabber.entenhausen.pazz.de" id="1766449933053158"></archived><stanza-id xmlns="urn:xmpp:sid:0" by="snowwhite@local-jabber.entenhausen.pazz.de" id="1766449933053158"></stanza-id><origin-id xmlns="urn:xmpp:sid:0" id="b19e9d1d-92f5-43a5-8070-7665636df0a3:msg-sleepy@local-jabber.entenhausen.pazz.de-"></origin-id><body>SnowWhite Message 1 1766494001453</body></message>
[1A[2KBROWSER: DEBUG: handleSingleMessage EXTRACTED {id: b19e9d1d-92f5-43a5-8070-7665636df0a3:msg-sleepy@local-jabber.entenhausen.pazz.de-, origin: b19e9d1d-92f5-43a5-8070-7665636df0a3:msg-sleepy@local-jabber.entenhausen.pazz.de-}
[1A[2KBROWSER: DEBUG: handleSingleMessage XML <message xmlns="jabber:client" xml:lang="en" to="sleepy@local-jabber.entenhausen.pazz.de" from="snowwhite@local-jabber.entenhausen.pazz.de/1634015432647721594435138" type="chat" id="a379e063-45bf-4d68-a988-fcfef6eb548f:msg-sleepy@local-jabber.entenhausen.pazz.de-"><archived xmlns="urn:xmpp:mam:tmp" by="snowwhite@local-jabber.entenhausen.pazz.de" id="1766449933069958"></archived><stanza-id xmlns="urn:xmpp:sid:0" by="snowwhite@local-jabber.entenhausen.pazz.de" id="1766449933069958"></stanza-id><origin-id xmlns="urn:xmpp:sid:0" id="a379e063-45bf-4d68-a988-fcfef6eb548f:msg-sleepy@local-jabber.entenhausen.pazz.de-"></origin-id><body>SnowWhite Message 2 1766494001453</body></message>
[1A[2KBROWSER: DEBUG: handleSingleMessage EXTRACTED {id: a379e063-45bf-4d68-a988-fcfef6eb548f:msg-sleepy@local-jabber.entenhausen.pazz.de-, origin: a379e063-45bf-4d68-a988-fcfef6eb548f:msg-sleepy@local-jabber.entenhausen.pazz.de-}
[1A[2KBROWSER: DEBUG: sendMessageToContact calling addMessage
[1A[2KBROWSER: DEBUG: handleSingleMessage XML <message xmlns="jabber:client" xml:lang="en" to="sleepy@local-jabber.entenhausen.pazz.de" from="snowwhite@local-jabber.entenhausen.pazz.de/782585487301261880035266" type="chat" id="5ee85648-f44d-4838-8a60-4ba10bad7874:msg-sleepy@local-jabber.entenhausen.pazz.de-"><archived xmlns="urn:xmpp:mam:tmp" by="sleepy@local-jabber.entenhausen.pazz.de" id="1766449989118076"></archived><stanza-id xmlns="urn:xmpp:sid:0" by="sleepy@local-jabber.entenhausen.pazz.de" id="1766449989118076"></stanza-id><origin-id xmlns="urn:xmpp:sid:0" id="5ee85648-f44d-4838-8a60-4ba10bad7874:msg-sleepy@local-jabber.entenhausen.pazz.de-"></origin-id><body>SnowWhite Message 1 1766494056972</body></message>
[1A[2KBROWSER: DEBUG: handleSingleMessage EXTRACTED {id: 5ee85648-f44d-4838-8a60-4ba10bad7874:msg-sleepy@local-jabber.entenhausen.pazz.de-, origin: 5ee85648-f44d-4838-8a60-4ba10bad7874:msg-sleepy@local-jabber.entenhausen.pazz.de-}
[1A[2KBROWSER: DEBUG: sendMessageToContact calling addMessage
[1A[2KBROWSER: DEBUG: handleSingleMessage XML <message xmlns="jabber:client" xml:lang="en" to="sleepy@local-jabber.entenhausen.pazz.de" from="snowwhite@local-jabber.entenhausen.pazz.de/782585487301261880035266" type="chat" id="9ca7f7f0-b792-49e1-86ac-b191c7d67aa3:msg-sleepy@local-jabber.entenhausen.pazz.de-"><archived xmlns="urn:xmpp:mam:tmp" by="sleepy@local-jabber.entenhausen.pazz.de" id="1766449989133853"></archived><stanza-id xmlns="urn:xmpp:sid:0" by="sleepy@local-jabber.entenhausen.pazz.de" id="1766449989133853"></stanza-id><origin-id xmlns="urn:xmpp:sid:0" id="9ca7f7f0-b792-49e1-86ac-b191c7d67aa3:msg-sleepy@local-jabber.entenhausen.pazz.de-"></origin-id><body>SnowWhite Message 2 1766494056972</body></message>
[1A[2KBROWSER: DEBUG: handleSingleMessage EXTRACTED {id: 9ca7f7f0-b792-49e1-86ac-b191c7d67aa3:msg-sleepy@local-jabber.entenhausen.pazz.de-, origin: 9ca7f7f0-b792-49e1-86ac-b191c7d67aa3:msg-sleepy@local-jabber.entenhausen.pazz.de-}
[1A[2K[31m  1) [chromium] › dual-connect.spec.ts:10:5 › should facilitate chat between two users via dual.html with extended message flow [39m
    Error: [31mTimed out 10000ms waiting for [39m[2mexpect([22m[31mlocator[39m[2m).[22mtoHaveCount[2m([22m[32mexpected[39m[2m)[22m
    Locator: locator('ngx-chat-message-out').filter({ hasText: 'SnowWhite Message 1 1766494056972' })
    Expected: [32m1[39m
    Received: [31m2[39m
    Call log:
      [2m- expect.toHaveCount with timeout 10000ms[22m
    [2m  - waiting for locator('ngx-chat-message-out').filter({ hasText: 'SnowWhite Message 1 1766494056972' })[22m
    [2m  -   locator resolved to 2 elements[22m
    [2m  -   unexpected value "2"[22m
    [2m  -   locator resolved to 2 elements[22m
    [2m  -   unexpected value "2"[22m
    [2m  -   locator resolved to 2 elements[22m
    [2m  -   unexpected value "2"[22m
    [2m  -   locator resolved to 2 elements[22m
    [2m  -   unexpected value "2"[22m
    [2m  -   locator resolved to 2 elements[22m
    [2m  -   unexpected value "2"[22m
    [2m  -   locator resolved to 2 elements[22m
    [2m  -   unexpected value "2"[22m
    [2m  -   locator resolved to 2 elements[22m
    [2m  -   unexpected value "2"[22m
    [2m  -   locator resolved to 2 elements[22m
    [2m  -   unexpected value "2"[22m
    [2m  -   locator resolved to 2 elements[22m
    [2m  -   unexpected value "2"[22m
    [2m  -   locator resolved to 2 elements[22m
    [2m  -   unexpected value "2"[22m
    [2m  -   locator resolved to 2 elements[22m
    [2m  -   unexpected value "2"[22m
    [2m  -   locator resolved to 2 elements[22m
    [2m  -   unexpected value "2"[22m
    [2m  -   locator resolved to 2 elements[22m
    [2m  -   unexpected value "2"[22m
    [2m  -   locator resolved to 2 elements[22m
    [2m  -   unexpected value "2"[22m
    [0m [90m 73 |[39m[0m
    [0m [90m 74 |[39m     [90m// Verify SnowWhite sees them sent (out)[39m[0m
    [0m[31m[1m>[22m[39m[90m 75 |[39m     [36mawait[39m expect(snowWhiteFrame[33m.[39mlocator([32m'ngx-chat-message-out'[39m[33m,[39m { hasText[33m:[39m msgA1 }))[33m.[39mtoHaveCount([35m1[39m)[33m;[39m[0m
    [0m [90m    |[39m                                                                                      [31m[1m^[22m[39m[0m
    [0m [90m 76 |[39m     [36mawait[39m expect(snowWhiteFrame[33m.[39mlocator([32m'ngx-chat-message-out'[39m[33m,[39m { hasText[33m:[39m msgA2 }))[33m.[39mtoHaveCount([35m1[39m)[33m;[39m[0m
    [0m [90m 77 |[39m[0m
    [0m [90m 78 |[39m     [90m// Sleepy: Open chat and verify receipt[39m[0m
    [2m    at /Users/oliverschiessl/WebstormProjects/ngx-chat-new/ngx-chat/apps/ngx-chat-e2e-new/src/dual-connect.spec.ts:75:86[22m
[1A[2K[31m  1 failed[39m
[31m    [chromium] › dual-connect.spec.ts:10:5 › should facilitate chat between two users via dual.html with extended message flow [39m
[36m  Serving HTML report at http://localhost:56527. Press Ctrl+C to quit.[39m
[32m✔[39m Browser application bundle generation complete.
[37m[0m[0m[39m
[37m[0m[1mInitial chunk files[22m[2m | [22m[1mNames[22m  [2m | [22m [1mRaw size[22m[0m[39m
[37m[0m[32mmain.js[39m[37m            [2m | [22m[2mmain[22m   [2m | [22m[36m970.23 kB[39m[37m[2m | [22m[0m[39m
[37m[0m[32mruntime.js[39m[37m         [2m | [22m[2mruntime[22m[2m | [22m  [36m6.51 kB[39m[37m[2m | [22m[0m[39m
[37m[0m[0m[39m
[37m[0m3 unchanged chunks[0m[39m
[37m[0m[0m[39m
[37m[0mBuild at: [1m[37m2025-12-23T12:49:12.010Z[39m[37m[22m - Hash: [1m[37mfb4a61ed28c3109b[39m[37m[22m - Time: [1m[37m786[39m[37m[22mms[0m[39m
[37m[39m
[37m[92m✔[39m[37m Compiled successfully.[39m
[32m✔[39m Browser application bundle generation complete.
[37m[0m[0m[39m
[37m[0m[1mInitial chunk files[22m[2m | [22m[1mNames[22m  [2m | [22m [1mRaw size[22m[0m[39m
[37m[0m[32mmain.js[39m[37m            [2m | [22m[2mmain[22m   [2m | [22m[36m969.63 kB[39m[37m[2m | [22m[0m[39m
[37m[0m[32mruntime.js[39m[37m         [2m | [22m[2mruntime[22m[2m | [22m  [36m6.51 kB[39m[37m[2m | [22m[0m[39m
[37m[0m[0m[39m
[37m[0m3 unchanged chunks[0m[39m
[37m[0m[0m[39m
[37m[0mBuild at: [1m[37m2025-12-23T12:49:27.149Z[39m[37m[22m - Hash: [1m[37m1abe5c75ed47416b[39m[37m[22m - Time: [1m[37m580[39m[37m[22mms[0m[39m
[37m[39m
[37m[92m✔[39m[37m Compiled successfully.[39m



 NX   Running target e2e for project ngx-chat-e2e-new failed

Failed tasks:

- ngx-chat-e2e-new:e2e

Hint: run the command with --verbose for more details.

